===========================================
   Linksys E8450 Build Assistant
===========================================
Parallel jobs [4]: Found system Clang: Debian clang version 19.1.7 (3+b1)
Use system Clang for the kernel (y/n) [n]: Pinned Google Clang is only available for x86_64 hosts; it will remain disabled.
Clang LTO is available through system Clang.
Kernel LTO mode:
  1) None
  2) ThinLTO (experimental; recommended for iteration)
  3) Full LTO (experimental; highest link cost)
Select LTO mode [1]: Use LLD for the kernel link (iteration builds only) (y/n) [n]: Run make clean before building (y/n) [n]: WARNING: Makefile 'package/boot/arm-trusted-firmware-microchipsw/Makefile' has a build dependency on 'ruby/host', which does not exist
WARNING: Makefile 'package/utils/audit/Makefile' has a dependency on 'libev', which does not exist
WARNING: Makefile 'package/utils/busybox/Makefile' has a dependency on 'libpam', which does not exist
WARNING: Makefile 'package/utils/busybox/Makefile' has a dependency on 'libtirpc', which does not exist
WARNING: Makefile 'package/utils/busybox/Makefile' has a dependency on 'libpam', which does not exist
WARNING: Makefile 'package/utils/busybox/Makefile' has a dependency on 'libtirpc', which does not exist
WARNING: Makefile 'package/utils/busybox/Makefile' has a build dependency on 'libpam', which does not exist
WARNING: Makefile 'package/boot/kexec-tools/Makefile' has a dependency on 'liblzma', which does not exist
WARNING: Makefile 'package/network/services/lldpd/Makefile' has a dependency on 'libnetsnmp', which does not exist
WARNING: Makefile 'package/utils/policycoreutils/Makefile' has a dependency on 'libpam', which does not exist
WARNING: Makefile 'package/utils/policycoreutils/Makefile' has a dependency on 'libpam', which does not exist
WARNING: Makefile 'package/utils/policycoreutils/Makefile' has a build dependency on 'libpam', which does not exist
#
# configuration written to .config
#
===========================================
Building target all with -j4 (system Clang=1, Google Clang=0, LTO=none, FASTLD=0)
===========================================
WARNING: Makefile 'package/boot/arm-trusted-firmware-microchipsw/Makefile' has a build dependency on 'ruby/host', which does not exist
WARNING: Makefile 'package/utils/audit/Makefile' has a dependency on 'libev', which does not exist
WARNING: Makefile 'package/utils/busybox/Makefile' has a dependency on 'libpam', which does not exist
WARNING: Makefile 'package/utils/busybox/Makefile' has a dependency on 'libtirpc', which does not exist
WARNING: Makefile 'package/utils/busybox/Makefile' has a dependency on 'libpam', which does not exist
WARNING: Makefile 'package/utils/busybox/Makefile' has a dependency on 'libtirpc', which does not exist
WARNING: Makefile 'package/utils/busybox/Makefile' has a build dependency on 'libpam', which does not exist
WARNING: Makefile 'package/boot/kexec-tools/Makefile' has a dependency on 'liblzma', which does not exist
WARNING: Makefile 'package/network/services/lldpd/Makefile' has a dependency on 'libnetsnmp', which does not exist
WARNING: Makefile 'package/utils/policycoreutils/Makefile' has a dependency on 'libpam', which does not exist
WARNING: Makefile 'package/utils/policycoreutils/Makefile' has a dependency on 'libpam', which does not exist
WARNING: Makefile 'package/utils/policycoreutils/Makefile' has a build dependency on 'libpam', which does not exist
make[2]: Entering directory '/mnt/dietpi_userdata/staging/openwrt/scripts/config'
make[2]: 'conf' is up to date.
make[2]: Leaving directory '/mnt/dietpi_userdata/staging/openwrt/scripts/config'
Checking 'python3-dev'... make[4]: Entering directory '/mnt/dietpi_userdata/staging/openwrt/target/linux'
make[5]: Entering directory '/mnt/dietpi_userdata/staging/openwrt/target/linux/mediatek'
make[6]: Entering directory '/mnt/dietpi_userdata/staging/openwrt/target/linux/mediatek/image'
ok.
Checking 'python3-setuptools'... make[6]: Leaving directory '/mnt/dietpi_userdata/staging/openwrt/target/linux/mediatek/image'
make[5]: Leaving directory '/mnt/dietpi_userdata/staging/openwrt/target/linux/mediatek'
make[4]: Leaving directory '/mnt/dietpi_userdata/staging/openwrt/target/linux'
time: target/linux/prereq#0.26#0.04#0.29
ok.
Checking 'swig'... ok.
 make[1] world
 make[2] package/cleanup
 make[2] target/compile
 make[3] -C target/linux compile
 make[2] buildinfo
 make[2] package/compile
 make[3] diffconfig buildversion feedsversion
 make[3] -C package/utils/lua host-compile
 make[3] -C package/libs/ncurses host-compile
 make[3] -C package/system/fwtool host-compile
 make[3] -C package/libs/libjson-c host-compile
 make[3] -C package/system/usign host-compile
 make[4] scripts/config/conf
 make[3] -C package/boot/arm-trusted-firmware-tools host-compile
 make[3] -C package/system/apk host-compile
 make[3] -C package/libs/libubox host-compile
 make[3] -C package/libs/toolchain compile
 make[3] -C package/kernel/gpio-button-hotplug compile
 make[3] -C package/system/ucert host-compile
 make[3] -C package/libs/libnl-tiny compile
 make[3] -C package/libs/libjson-c compile
 make[3] -C package/utils/lua compile
 make[3] -C package/libs/libmd compile
 make[3] -C package/libs/zlib compile
 make[3] -C package/firmware/linux-firmware compile
 make[3] -C package/system/fwtool compile
 make[3] -C package/libs/libsepol compile
 make[3] -C package/libs/pcre2 compile
 make[3] -C package/libs/musl-fts compile
 make[3] -C package/system/openwrt-keyring compile
 make[3] -C package/boot/arm-trusted-firmware-mediatek compile
 make[3] -C package/devel/binutils compile
 make[3] -C package/boot/arm-trusted-firmware-mediatek compile
 make[3] -C package/boot/arm-trusted-firmware-mediatek compile
 make[3] -C package/utils/bzip2 compile
 make[3] -C package/libs/argp-standalone compile
 make[3] -C package/libs/libtraceevent compile
 make[3] -C package/firmware/wireless-regdb compile
 make[3] -C package/libs/openssl compile
 make[3] -C package/network/utils/iw compile
 make[3] -C package/libs/gmp compile
 make[3] -C package/libs/jansson compile
 make[3] -C package/libs/libmnl compile
 make[3] -C package/libs/mbedtls compile
 make[3] -C package/libs/nettle compile
 make[3] -C package/network/services/dropbear compile
 make[3] -C package/libs/libpcap compile
 make[3] -C package/network/utils/linux-atm compile
 make[3] -C package/network/utils/resolveip compile
 make[3] -C package/system/ca-certificates compile
 make[3] -C package/libs/libubox compile
 make[3] -C package/kernel/linux compile
 make[3] -C package/libs/ncurses compile
 make[3] -C package/utils/jsonfilter compile
 make[3] -C package/libs/libselinux compile
 make[3] -C package/system/usign compile
 make[3] -C package/boot/uboot-mediatek compile
 make[3] -C package/libs/elfutils compile
 make[3] -C package/libs/libnftnl compile
 make[3] -C package/libs/ustream-ssl compile
 make[3] -C package/system/mtd compile
 make[3] -C package/system/urngd compile
 make[3] -C package/system/ubus compile
 make[3] -C package/system/uci compile
 make[3] -C package/utils/util-linux compile
 make[3] -C package/utils/busybox compile
 make[3] -C package/devel/perf compile
 make[3] -C package/network/ipv6/odhcp6c compile
 make[3] -C package/network/services/dnsmasq compile
 make[3] -C package/network/services/odhcpd compile
 make[3] -C package/network/utils/iwinfo compile
 make[3] -C package/utils/ucode compile
 make[3] -C package/utils/mtd-utils compile
 make[3] -C package/libs/uclient compile
 make[3] -C package/network/services/uhttpd compile
 make[3] -C package/system/apk compile
 make[3] -C package/system/rpcd compile
 make[3] -C package/libs/udebug compile
 make[3] -C package/network/config/netifd compile
 make[3] -C package/system/ubox compile
 make[3] -C package/network/config/wifi-scripts compile
 make[3] -C package/network/services/hostapd compile
 make[3] -C package/network/utils/nftables compile
 make[3] -C package/system/urandom-seed compile
 make[3] -C package/system/fstools compile
 make[3] -C package/kernel/mac80211 compile
 make[3] -C package/network/config/firewall4 compile
 make[3] -C package/system/procd compile
 make[3] -C package/boot/uboot-tools compile
 make[3] -C package/base-files compile
 make[3] -C package/utils/fitblk compile
 make[3] -C package/network/services/ppp compile
 make[3] -C package/kernel/mt76 compile
 make[2] package/install
 make[2] target/install
 make[3] -C target/linux install
 make[2] package/index
 make[2] json_overview_image_info
 make[2] checksum
Image manifest verified: SSH, firewall, wifi, and USB recovery packages are present.
